<html>
<body>
<pre>
<h1>µVision Build Log</h1>
<h2>Tool Versions:</h2>
IDE-Version: ¶ÃVision V5.24.2.0
Copyright (C) 2017 ARM Ltd and ARM Germany GmbH. All rights reserved.
License Information: 2312 Administrator, 321312, LIC=14HTG-V4VSJ-556T2-91QLM-ZFP85-QLITG
 
Tool Versions:
Toolchain:       MDK-ARM Plus  Version: 5.24.1
Toolchain Path:  C:\Keil_v5\ARM\ARMCC\Bin
C Compiler:      Armcc.exe V5.06 update 5 (build 528)
Assembler:       Armasm.exe V5.06 update 5 (build 528)
Linker/Locator:  ArmLink.exe V5.06 update 5 (build 528)
Library Manager: ArmAr.exe V5.06 update 5 (build 528)
Hex Converter:   FromElf.exe V5.06 update 5 (build 528)
CPU DLL:         SARMCM3.DLL V5.24.1
Dialog DLL:      DCM.DLL V1.16.0.0
Target DLL:      STLink\ST-LINKIII-KEIL_SWO.dll V3.0.1.0
Dialog DLL:      TCM.DLL V1.32.0.0
 
<h2>Project:</h2>
C:\Users\Administrator\Desktop\407VE\05. 2.8¥ÁTFT“∫æßœ‘ æ\05. TFT“∫æßœ‘ æ\USER\Template.uvprojx
Project File Date:  12/13/2023

<h2>Output:</h2>
*** Using Compiler 'V5.06 update 5 (build 528)', folder: 'C:\Keil_v5\ARM\ARMCC\Bin'
Rebuild target 'Template'
compiling system_stm32f4xx.c...
compiling stm32f4xx_it.c...
compiling main.c...
main.c(80): warning:  #177-D: variable "t"  was declared but never referenced
   	u8 t=0;	
main.c: 1 warning, 0 errors
assembling startup_stm32f40_41xxx.s...
compiling misc.c...
compiling stm32f4xx_adc.c...
compiling stm32f4xx_can.c...
compiling stm32f4xx_crc.c...
compiling stm32f4xx_cryp.c...
compiling stm32f4xx_cryp_aes.c...
compiling stm32f4xx_cryp_des.c...
compiling stm32f4xx_cryp_tdes.c...
compiling stm32f4xx_dac.c...
compiling stm32f4xx_dcmi.c...
compiling stm32f4xx_dbgmcu.c...
compiling stm32f4xx_dma2d.c...
compiling stm32f4xx_exti.c...
compiling stm32f4xx_dma.c...
compiling stm32f4xx_flash.c...
compiling stm32f4xx_flash_ramfunc.c...
compiling stm32f4xx_fsmc.c...
compiling stm32f4xx_gpio.c...
compiling stm32f4xx_hash_md5.c...
compiling stm32f4xx_hash.c...
compiling stm32f4xx_hash_sha1.c...
compiling stm32f4xx_i2c.c...
compiling stm32f4xx_iwdg.c...
compiling stm32f4xx_ltdc.c...
compiling stm32f4xx_pwr.c...
compiling stm32f4xx_rcc.c...
compiling stm32f4xx_rng.c...
compiling stm32f4xx_rtc.c...
compiling stm32f4xx_sai.c...
compiling stm32f4xx_spi.c...
compiling stm32f4xx_syscfg.c...
compiling stm32f4xx_sdio.c...
compiling stm32f4xx_tim.c...
compiling stm32f4xx_wwdg.c...
compiling stm32f4xx_usart.c...
compiling delay.c...
compiling sys.c...
compiling usart.c...
compiling timer.c...
compiling key.c...
compiling led.c...
compiling fonts.c...
compiling lcd.c...
..\HARDWARE\LCD\lcd.c(288): warning:  #177-D: function "ILI9341_FSMC_Config"  was declared but never referenced
  static void ILI9341_FSMC_Config ( void )
..\HARDWARE\LCD\lcd.c: 1 warning, 0 errors
linking...
Program Size: Code=14572 RO-data=15652 RW-data=124 ZI-data=1836  
FromELF: creating hex file...
"..\OBJ\Template.axf" - 0 Error(s), 2 Warning(s).

<h2>Software Packages used:</h2>

Package Vendor: Keil
                https://www.keil.com/pack/Keil.STM32F4xx_DFP.2.17.0.pack
                Keil.STM32F4xx_DFP.2.17.0
                STMicroelectronics STM32F4 Series Device Support, Drivers and Examples

<h2>Collection of Component include folders:</h2>
  .\RTE\_Template
  C:\Keil_v5\ARM\PACK\Keil\STM32F4xx_DFP\2.17.0\Drivers\CMSIS\Device\ST\STM32F4xx\Include

<h2>Collection of Component Files used:</h2>
Build Time Elapsed:  00:00:27
</pre>
</body>
</html>
